// Jest Snapshot v1, https://goo.gl/fbAQLP

exports[`GifItem matches the snapshot 1`] = `
<DocumentFragment>
  <li
    class="card"
  >
    <img
      alt="Saitama"
      src="https://onepunchman.fandom.com/wiki/Saitama"
    />
    <p>
      Saitama
    </p>
  </li>
</DocumentFragment>
`;
